running egg_info
writing ../../build/anthropos_control/anthropos_control.egg-info/PKG-INFO
writing dependency_links to ../../build/anthropos_control/anthropos_control.egg-info/dependency_links.txt
writing entry points to ../../build/anthropos_control/anthropos_control.egg-info/entry_points.txt
writing requirements to ../../build/anthropos_control/anthropos_control.egg-info/requires.txt
writing top-level names to ../../build/anthropos_control/anthropos_control.egg-info/top_level.txt
reading manifest file '../../build/anthropos_control/anthropos_control.egg-info/SOURCES.txt'
writing manifest file '../../build/anthropos_control/anthropos_control.egg-info/SOURCES.txt'
running build
running build_py
copying anthropos_control/injector_node.py -> /workspace/ros2_ws/build/anthropos_control/build/lib/anthropos_control
running install
running install_lib
copying /workspace/ros2_ws/build/anthropos_control/build/lib/anthropos_control/injector_node.py -> /workspace/ros2_ws/install/anthropos_control/lib/python3.10/site-packages/anthropos_control
byte-compiling /workspace/ros2_ws/install/anthropos_control/lib/python3.10/site-packages/anthropos_control/injector_node.py to injector_node.cpython-310.pyc
running install_data
copying package.xml -> /workspace/ros2_ws/install/anthropos_control/share/anthropos_control
creating /workspace/ros2_ws/install/anthropos_control/share/anthropos_control/launch
copying launch/harness.launch.py -> /workspace/ros2_ws/install/anthropos_control/share/anthropos_control/launch
running install_egg_info
removing '/workspace/ros2_ws/install/anthropos_control/lib/python3.10/site-packages/anthropos_control-0.1.0-py3.10.egg-info' (and everything under it)
Copying ../../build/anthropos_control/anthropos_control.egg-info to /workspace/ros2_ws/install/anthropos_control/lib/python3.10/site-packages/anthropos_control-0.1.0-py3.10.egg-info
running install_scripts
Installing controller script to /workspace/ros2_ws/install/anthropos_control/lib/anthropos_control
Installing injector script to /workspace/ros2_ws/install/anthropos_control/lib/anthropos_control
Installing state_manager script to /workspace/ros2_ws/install/anthropos_control/lib/anthropos_control
writing list of installed files to '/workspace/ros2_ws/build/anthropos_control/install.log'
