/workspace/ros2_ws/install/anthropos_control/lib/python3.10/site-packages/anthropos_control/state_manager_node.py
/workspace/ros2_ws/install/anthropos_control/lib/python3.10/site-packages/anthropos_control/__init__.py
/workspace/ros2_ws/install/anthropos_control/lib/python3.10/site-packages/anthropos_control/controller_node.py
/workspace/ros2_ws/install/anthropos_control/lib/python3.10/site-packages/anthropos_control/injector_node.py
/workspace/ros2_ws/install/anthropos_control/lib/python3.10/site-packages/anthropos_control/__pycache__/state_manager_node.cpython-310.pyc
/workspace/ros2_ws/install/anthropos_control/lib/python3.10/site-packages/anthropos_control/__pycache__/__init__.cpython-310.pyc
/workspace/ros2_ws/install/anthropos_control/lib/python3.10/site-packages/anthropos_control/__pycache__/controller_node.cpython-310.pyc
/workspace/ros2_ws/install/anthropos_control/lib/python3.10/site-packages/anthropos_control/__pycache__/injector_node.cpython-310.pyc
/workspace/ros2_ws/install/anthropos_control/share/ament_index/resource_index/packages/anthropos_control
/workspace/ros2_ws/install/anthropos_control/share/anthropos_control/package.xml
/workspace/ros2_ws/install/anthropos_control/share/anthropos_control/launch/harness.launch.py
/workspace/ros2_ws/install/anthropos_control/lib/python3.10/site-packages/anthropos_control-0.1.0-py3.10.egg-info/zip-safe
/workspace/ros2_ws/install/anthropos_control/lib/python3.10/site-packages/anthropos_control-0.1.0-py3.10.egg-info/PKG-INFO
/workspace/ros2_ws/install/anthropos_control/lib/python3.10/site-packages/anthropos_control-0.1.0-py3.10.egg-info/entry_points.txt
/workspace/ros2_ws/install/anthropos_control/lib/python3.10/site-packages/anthropos_control-0.1.0-py3.10.egg-info/SOURCES.txt
/workspace/ros2_ws/install/anthropos_control/lib/python3.10/site-packages/anthropos_control-0.1.0-py3.10.egg-info/dependency_links.txt
/workspace/ros2_ws/install/anthropos_control/lib/python3.10/site-packages/anthropos_control-0.1.0-py3.10.egg-info/top_level.txt
/workspace/ros2_ws/install/anthropos_control/lib/python3.10/site-packages/anthropos_control-0.1.0-py3.10.egg-info/requires.txt
/workspace/ros2_ws/install/anthropos_control/lib/anthropos_control/controller
/workspace/ros2_ws/install/anthropos_control/lib/anthropos_control/injector
/workspace/ros2_ws/install/anthropos_control/lib/anthropos_control/state_manager
