[0.667s] Invoking command in '/workspace/ros2_ws/src/anthropos_control': PYTHONPATH=/workspace/ros2_ws/build/anthropos_control/prefix_override:/usr/lib/python3/dist-packages/colcon_core/task/python/colcon_distutils_commands:/workspace/ros2_ws/install/anthropos_control/lib/python3.10/site-packages:${PYTHONPATH} /usr/bin/python3 -W ignore:setup.py install is deprecated -W ignore:easy_install command is deprecated setup.py egg_info --egg-base ../../build/anthropos_control build --build-base /workspace/ros2_ws/build/anthropos_control/build install --record /workspace/ros2_ws/build/anthropos_control/install.log --single-version-externally-managed install_data
[0.902s] running egg_info
[0.902s] creating ../../build/anthropos_control/anthropos_control.egg-info
[0.903s] writing ../../build/anthropos_control/anthropos_control.egg-info/PKG-INFO
[0.903s] writing dependency_links to ../../build/anthropos_control/anthropos_control.egg-info/dependency_links.txt
[0.903s] writing entry points to ../../build/anthropos_control/anthropos_control.egg-info/entry_points.txt
[0.903s] writing requirements to ../../build/anthropos_control/anthropos_control.egg-info/requires.txt
[0.903s] writing top-level names to ../../build/anthropos_control/anthropos_control.egg-info/top_level.txt
[0.903s] writing manifest file '../../build/anthropos_control/anthropos_control.egg-info/SOURCES.txt'
[0.905s] reading manifest file '../../build/anthropos_control/anthropos_control.egg-info/SOURCES.txt'
[0.905s] writing manifest file '../../build/anthropos_control/anthropos_control.egg-info/SOURCES.txt'
[0.906s] running build
[0.906s] running build_py
[0.906s] creating /workspace/ros2_ws/build/anthropos_control/build
[0.906s] creating /workspace/ros2_ws/build/anthropos_control/build/lib
[0.906s] creating /workspace/ros2_ws/build/anthropos_control/build/lib/anthropos_control
[0.907s] copying anthropos_control/state_manager_node.py -> /workspace/ros2_ws/build/anthropos_control/build/lib/anthropos_control
[0.907s] copying anthropos_control/__init__.py -> /workspace/ros2_ws/build/anthropos_control/build/lib/anthropos_control
[0.907s] copying anthropos_control/controller_node.py -> /workspace/ros2_ws/build/anthropos_control/build/lib/anthropos_control
[0.907s] running install
[0.907s] running install_lib
[0.908s] creating /workspace/ros2_ws/install/anthropos_control/lib/python3.10/site-packages/anthropos_control
[0.908s] copying /workspace/ros2_ws/build/anthropos_control/build/lib/anthropos_control/state_manager_node.py -> /workspace/ros2_ws/install/anthropos_control/lib/python3.10/site-packages/anthropos_control
[0.908s] copying /workspace/ros2_ws/build/anthropos_control/build/lib/anthropos_control/__init__.py -> /workspace/ros2_ws/install/anthropos_control/lib/python3.10/site-packages/anthropos_control
[0.908s] copying /workspace/ros2_ws/build/anthropos_control/build/lib/anthropos_control/controller_node.py -> /workspace/ros2_ws/install/anthropos_control/lib/python3.10/site-packages/anthropos_control
[0.908s] byte-compiling /workspace/ros2_ws/install/anthropos_control/lib/python3.10/site-packages/anthropos_control/state_manager_node.py to state_manager_node.cpython-310.pyc
[0.909s] byte-compiling /workspace/ros2_ws/install/anthropos_control/lib/python3.10/site-packages/anthropos_control/__init__.py to __init__.cpython-310.pyc
[0.909s] byte-compiling /workspace/ros2_ws/install/anthropos_control/lib/python3.10/site-packages/anthropos_control/controller_node.py to controller_node.cpython-310.pyc
[0.910s] running install_data
[0.910s] creating /workspace/ros2_ws/install/anthropos_control/share
[0.910s] creating /workspace/ros2_ws/install/anthropos_control/share/ament_index
[0.910s] creating /workspace/ros2_ws/install/anthropos_control/share/ament_index/resource_index
[0.910s] creating /workspace/ros2_ws/install/anthropos_control/share/ament_index/resource_index/packages
[0.911s] copying resource/anthropos_control -> /workspace/ros2_ws/install/anthropos_control/share/ament_index/resource_index/packages
[0.911s] creating /workspace/ros2_ws/install/anthropos_control/share/anthropos_control
[0.911s] copying package.xml -> /workspace/ros2_ws/install/anthropos_control/share/anthropos_control
[0.911s] running install_egg_info
[0.912s] Copying ../../build/anthropos_control/anthropos_control.egg-info to /workspace/ros2_ws/install/anthropos_control/lib/python3.10/site-packages/anthropos_control-0.1.0-py3.10.egg-info
[0.913s] running install_scripts
[0.935s] Installing controller script to /workspace/ros2_ws/install/anthropos_control/lib/anthropos_control
[0.935s] Installing state_manager script to /workspace/ros2_ws/install/anthropos_control/lib/anthropos_control
[0.935s] writing list of installed files to '/workspace/ros2_ws/build/anthropos_control/install.log'
[0.962s] Invoked command in '/workspace/ros2_ws/src/anthropos_control' returned '0': PYTHONPATH=/workspace/ros2_ws/build/anthropos_control/prefix_override:/usr/lib/python3/dist-packages/colcon_core/task/python/colcon_distutils_commands:/workspace/ros2_ws/install/anthropos_control/lib/python3.10/site-packages:${PYTHONPATH} /usr/bin/python3 -W ignore:setup.py install is deprecated -W ignore:easy_install command is deprecated setup.py egg_info --egg-base ../../build/anthropos_control build --build-base /workspace/ros2_ws/build/anthropos_control/build install --record /workspace/ros2_ws/build/anthropos_control/install.log --single-version-externally-managed install_data
